2026-02-20 09:15:08 [INF] === Starting EDGAR risk pipeline ===
2026-02-20 09:15:08 [INF] ----- YEAR 2010 -----
2026-02-20 09:15:14 [INF] Found 9007 filings for 2010
2026-02-20 09:15:14 [INF] [Year 2010 | Filing 1/9007 | CIK 0001088787] Starting
2026-02-20 09:19:11 [INF] === Starting EDGAR risk pipeline ===
2026-02-20 09:19:11 [INF] ----- YEAR 2010 -----
2026-02-20 09:19:17 [INF] Found 9007 filings for 2010
2026-02-20 09:19:17 [INF] [Year 2010 | Filing 1/9007 | CIK 0001088787] Starting
2026-02-20 09:19:17 [INF] CIK 0001088787 | Downloading filing HTML (cached if available)
2026-02-20 09:19:18 [INF] CIK 0001088787 | Reading HTML from C:\git\Edgar\Edgar\Data\raw\0001088787\000144878809000244\0001448788-09-000244.txt
2026-02-20 09:19:18 [INF] CIK 0001088787 | Cleaning + extracting sections
2026-02-20 09:19:18 [INF] CIK 0001088787 | Finding CCM match
2026-02-20 09:20:01 [INF] Built CCM presence cache for year 2010, CIK count=4440
2026-02-20 09:20:42 [INF] CIK 0001088787 | Finding CRSP trading days (permno=92266)
2026-02-20 09:21:32 [INF] CIK 0001088787 | Stock price on day before filing is below $3 -> writing uncomplete doc
2026-02-20 09:21:33 [INF] [Year 2010 | Filing 1/9007 | CIK 0001088787] Finished
2026-02-20 09:21:33 [INF] [Year 2010 | Filing 2/9007 | CIK 0000012040] Starting
2026-02-20 09:21:33 [INF] CIK 0000012040 | Downloading filing HTML (cached if available)
2026-02-20 09:21:33 [INF] CIK 0000012040 | Reading HTML from C:\git\Edgar\Edgar\Data\raw\0000012040\000091431710000003\0000914317-10-000003.txt
2026-02-20 09:21:33 [INF] CIK 0000012040 | Cleaning + extracting sections
2026-02-20 09:21:33 [INF] CIK 0000012040 | Finding CCM match
2026-02-20 09:22:33 [INF] CIK 0000012040 | Finding CRSP trading days (permno=54244)
2026-02-20 09:24:40 [INF] CIK 0000012040 | Stock price on day before filing is below $3 -> writing uncomplete doc
2026-02-20 09:24:40 [INF] [Year 2010 | Filing 2/9007 | CIK 0000012040] Finished
2026-02-20 09:24:40 [INF] [Year 2010 | Filing 3/9007 | CIK 0001385329] Starting
2026-02-20 09:24:40 [INF] CIK 0001385329 | Downloading filing HTML (cached if available)
2026-02-20 09:24:40 [INF] CIK 0001385329 | Reading HTML from C:\git\Edgar\Edgar\Data\raw\0001385329\000106299310000002\0001062993-10-000002.txt
2026-02-20 09:24:40 [INF] CIK 0001385329 | Cleaning + extracting sections
2026-02-20 09:24:40 [INF] CIK 0001385329 | Finding CCM match
2026-02-20 09:24:40 [INF] CIK 0001385329 | No CCM match -> writing uncomplete doc
2026-02-20 09:24:40 [INF] [Year 2010 | Filing 3/9007 | CIK 0001385329] Finished
2026-02-20 09:24:40 [INF] [Year 2010 | Filing 4/9007 | CIK 0001418196] Starting
2026-02-20 09:24:40 [INF] CIK 0001418196 | Downloading filing HTML (cached if available)
2026-02-20 09:24:40 [INF] CIK 0001418196 | Reading HTML from C:\git\Edgar\Edgar\Data\raw\0001418196\000143209310000006\0001432093-10-000006.txt
2026-02-20 09:24:40 [INF] CIK 0001418196 | Cleaning + extracting sections
2026-02-20 09:24:40 [INF] CIK 0001418196 | Finding CCM match
2026-02-20 09:24:40 [INF] CIK 0001418196 | No CCM match -> writing uncomplete doc
2026-02-20 09:24:40 [INF] [Year 2010 | Filing 4/9007 | CIK 0001418196] Finished
2026-02-20 09:24:40 [INF] [Year 2010 | Filing 5/9007 | CIK 0001446414] Starting
2026-02-20 09:24:40 [INF] CIK 0001446414 | Downloading filing HTML (cached if available)
2026-02-20 09:24:41 [INF] CIK 0001446414 | Reading HTML from C:\git\Edgar\Edgar\Data\raw\0001446414\000116169709001278\0001161697-09-001278.txt
2026-02-20 09:24:41 [INF] CIK 0001446414 | Cleaning + extracting sections
2026-02-20 09:24:41 [INF] CIK 0001446414 | Finding CCM match
2026-02-20 09:24:41 [INF] CIK 0001446414 | No CCM match -> writing uncomplete doc
2026-02-20 09:24:41 [INF] [Year 2010 | Filing 5/9007 | CIK 0001446414] Finished
2026-02-20 09:24:41 [INF] [Year 2010 | Filing 6/9007 | CIK 0000779544] Starting
2026-02-20 09:24:41 [INF] CIK 0000779544 | Downloading filing HTML (cached if available)
2026-02-20 09:24:41 [INF] CIK 0000779544 | Reading HTML from C:\git\Edgar\Edgar\Data\raw\0000779544\000093041310000001\0000930413-10-000001.txt
2026-02-20 09:24:41 [INF] CIK 0000779544 | Cleaning + extracting sections
2026-02-20 09:24:41 [INF] CIK 0000779544 | Finding CCM match
2026-02-20 09:25:50 [INF] CIK 0000779544 | Finding CRSP trading days (permno=85586)
2026-02-20 09:26:57 [INF] CIK 0000779544 | Stock price on day before filing is below $3 -> writing uncomplete doc
2026-02-20 09:26:57 [INF] [Year 2010 | Filing 6/9007 | CIK 0000779544] Finished
2026-02-20 09:26:57 [INF] [Year 2010 | Filing 7/9007 | CIK 0001345756] Starting
2026-02-20 09:26:57 [INF] CIK 0001345756 | Downloading filing HTML (cached if available)
2026-02-20 09:26:57 [INF] CIK 0001345756 | Reading HTML from C:\git\Edgar\Edgar\Data\raw\0001345756\000110807810000003\0001108078-10-000003.txt
2026-02-20 09:26:57 [INF] CIK 0001345756 | Cleaning + extracting sections
2026-02-20 09:26:57 [INF] CIK 0001345756 | Finding CCM match
2026-02-20 09:26:57 [INF] CIK 0001345756 | No CCM match -> writing uncomplete doc
2026-02-20 09:26:57 [INF] [Year 2010 | Filing 7/9007 | CIK 0001345756] Finished
2026-02-20 09:26:57 [INF] [Year 2010 | Filing 8/9007 | CIK 0001364326] Starting
2026-02-20 09:26:57 [INF] CIK 0001364326 | Downloading filing HTML (cached if available)
2026-02-20 09:26:57 [INF] CIK 0001364326 | Reading HTML from C:\git\Edgar\Edgar\Data\raw\0001364326\000106299310000014\0001062993-10-000014.txt
2026-02-20 09:26:57 [INF] CIK 0001364326 | Cleaning + extracting sections
2026-02-20 09:26:57 [INF] CIK 0001364326 | Finding CCM match
2026-02-20 09:26:57 [INF] CIK 0001364326 | No CCM match -> writing uncomplete doc
2026-02-20 09:26:57 [INF] [Year 2010 | Filing 8/9007 | CIK 0001364326] Finished
2026-02-20 09:26:57 [INF] [Year 2010 | Filing 9/9007 | CIK 0000780127] Starting
2026-02-20 09:26:57 [INF] CIK 0000780127 | Downloading filing HTML (cached if available)
2026-02-20 09:26:57 [INF] CIK 0000780127 | Reading HTML from C:\git\Edgar\Edgar\Data\raw\0000780127\000095012310000395\0000950123-10-000395.txt
2026-02-20 09:26:57 [INF] CIK 0000780127 | Cleaning + extracting sections
2026-02-20 09:26:57 [INF] CIK 0000780127 | Finding CCM match
2026-02-20 09:28:32 [INF] === Starting EDGAR risk pipeline ===
2026-02-20 09:28:32 [INF] ----- YEAR 2010 -----
2026-02-20 09:28:39 [INF] Found 9007 filings for 2010
2026-02-20 09:28:39 [INF] [Year 2010 | Filing 1/9007 | CIK 0001088787] Starting
2026-02-20 09:28:39 [INF] CIK 0001088787 | Downloading filing HTML (cached if available)
2026-02-20 09:28:39 [INF] CIK 0001088787 | Reading HTML from C:\git\Edgar\Edgar\Data\raw\0001088787\000144878809000244\0001448788-09-000244.txt
2026-02-20 09:28:39 [INF] CIK 0001088787 | Cleaning + extracting sections
2026-02-20 09:28:39 [INF] CIK 0001088787 | Finding CCM match
2026-02-20 09:30:44 [INF] Built CCM presence cache for year 2010, CIK count=4440
2026-02-20 09:32:40 [INF] CIK 0001088787 | Finding CRSP trading days (permno=92266)
2026-02-20 09:35:07 [INF] CIK 0001088787 | Stock price on day before filing is below $3 -> writing uncomplete doc
2026-02-20 09:35:07 [INF] [Year 2010 | Filing 1/9007 | CIK 0001088787] Finished
2026-02-20 09:35:07 [INF] [Year 2010 | Filing 2/9007 | CIK 0000012040] Starting
2026-02-20 09:35:07 [INF] CIK 0000012040 | Downloading filing HTML (cached if available)
2026-02-20 09:35:07 [INF] CIK 0000012040 | Reading HTML from C:\git\Edgar\Edgar\Data\raw\0000012040\000091431710000003\0000914317-10-000003.txt
2026-02-20 09:35:07 [INF] CIK 0000012040 | Cleaning + extracting sections
2026-02-20 09:35:08 [INF] CIK 0000012040 | Finding CCM match
2026-02-20 09:49:26 [INF] === Starting EDGAR risk pipeline ===
2026-02-20 09:49:26 [INF] ----- YEAR 2010 -----
2026-02-20 09:49:33 [INF] Found 9007 filings for 2010
2026-02-20 09:49:33 [INF] [Year 2010 | Filing 1/9007 | CIK 0001088787] Starting
2026-02-20 09:49:33 [INF] CIK 0001088787 | Downloading filing HTML (cached if available)
2026-02-20 09:49:33 [INF] CIK 0001088787 | Reading HTML from C:\git\Edgar\Edgar\Data\raw\0001088787\000144878809000244\0001448788-09-000244.txt
2026-02-20 09:49:33 [INF] CIK 0001088787 | Cleaning + extracting sections
2026-02-20 09:49:33 [INF] CIK 0001088787 | Finding CCM match
2026-02-20 09:51:42 [INF] Built CCM presence cache for year 2010, CIK count=4440
2026-02-20 09:53:02 [INF] CIK 0001088787 | Finding CRSP trading days (permno=92266)
2026-02-20 09:56:43 [INF] === Starting EDGAR risk pipeline ===
2026-02-20 09:56:43 [INF] ----- YEAR 2010 -----
2026-02-20 09:56:51 [INF] Found 9007 filings for 2010
2026-02-20 09:56:51 [INF] [Year 2010 | Filing 1/9007 | CIK 0001088787] Starting
2026-02-20 09:56:51 [INF] CIK 0001088787 | Downloading filing HTML (cached if available)
2026-02-20 09:56:51 [INF] CIK 0001088787 | Reading HTML from C:\git\Edgar\Edgar\Data\raw\0001088787\000144878809000244\0001448788-09-000244.txt
2026-02-20 09:56:51 [INF] CIK 0001088787 | Cleaning + extracting sections
2026-02-20 09:56:51 [INF] CIK 0001088787 | Finding CCM match
2026-02-20 09:57:34 [INF] Built CCM presence cache for year 2010, CIK count=4440
2026-02-20 09:58:15 [INF] CIK 0001088787 | Finding CRSP trading days (permno=92266)
2026-02-20 09:59:05 [INF] CIK 0001088787 | Book-to-market data not found -> writing uncomplete doc
2026-02-20 09:59:05 [INF] [Year 2010 | Filing 1/9007 | CIK 0001088787] Finished
2026-02-20 09:59:05 [INF] [Year 2010 | Filing 2/9007 | CIK 0000012040] Starting
2026-02-20 09:59:05 [INF] CIK 0000012040 | Downloading filing HTML (cached if available)
2026-02-20 09:59:05 [INF] CIK 0000012040 | Reading HTML from C:\git\Edgar\Edgar\Data\raw\0000012040\000091431710000003\0000914317-10-000003.txt
2026-02-20 09:59:05 [INF] CIK 0000012040 | Cleaning + extracting sections
2026-02-20 09:59:05 [INF] CIK 0000012040 | Finding CCM match
2026-02-20 10:00:13 [INF] CIK 0000012040 | Finding CRSP trading days (permno=54244)
2026-02-20 10:02:51 [INF] CIK 0000012040 | Book-to-market data not found -> writing uncomplete doc
2026-02-20 10:02:51 [INF] [Year 2010 | Filing 2/9007 | CIK 0000012040] Finished
2026-02-20 10:02:51 [INF] [Year 2010 | Filing 3/9007 | CIK 0001385329] Starting
2026-02-20 10:02:51 [INF] CIK 0001385329 | Downloading filing HTML (cached if available)
2026-02-20 10:02:51 [INF] CIK 0001385329 | Reading HTML from C:\git\Edgar\Edgar\Data\raw\0001385329\000106299310000002\0001062993-10-000002.txt
2026-02-20 10:02:51 [INF] CIK 0001385329 | Cleaning + extracting sections
2026-02-20 10:02:51 [INF] CIK 0001385329 | Finding CCM match
2026-02-20 10:02:51 [INF] CIK 0001385329 | No CCM match -> writing uncomplete doc
2026-02-20 10:02:51 [INF] [Year 2010 | Filing 3/9007 | CIK 0001385329] Finished
2026-02-20 10:02:51 [INF] [Year 2010 | Filing 4/9007 | CIK 0001418196] Starting
2026-02-20 10:02:51 [INF] CIK 0001418196 | Downloading filing HTML (cached if available)
2026-02-20 10:02:51 [INF] CIK 0001418196 | Reading HTML from C:\git\Edgar\Edgar\Data\raw\0001418196\000143209310000006\0001432093-10-000006.txt
2026-02-20 10:02:51 [INF] CIK 0001418196 | Cleaning + extracting sections
2026-02-20 10:02:52 [INF] CIK 0001418196 | Finding CCM match
2026-02-20 10:02:52 [INF] CIK 0001418196 | No CCM match -> writing uncomplete doc
2026-02-20 10:02:52 [INF] [Year 2010 | Filing 4/9007 | CIK 0001418196] Finished
2026-02-20 10:02:52 [INF] [Year 2010 | Filing 5/9007 | CIK 0001446414] Starting
2026-02-20 10:02:52 [INF] CIK 0001446414 | Downloading filing HTML (cached if available)
2026-02-20 10:02:52 [INF] CIK 0001446414 | Reading HTML from C:\git\Edgar\Edgar\Data\raw\0001446414\000116169709001278\0001161697-09-001278.txt
2026-02-20 10:02:52 [INF] CIK 0001446414 | Cleaning + extracting sections
2026-02-20 10:02:52 [INF] CIK 0001446414 | Finding CCM match
2026-02-20 10:02:52 [INF] CIK 0001446414 | No CCM match -> writing uncomplete doc
2026-02-20 10:02:52 [INF] [Year 2010 | Filing 5/9007 | CIK 0001446414] Finished
2026-02-20 10:02:52 [INF] [Year 2010 | Filing 6/9007 | CIK 0000779544] Starting
2026-02-20 10:02:52 [INF] CIK 0000779544 | Downloading filing HTML (cached if available)
2026-02-20 10:02:52 [INF] CIK 0000779544 | Reading HTML from C:\git\Edgar\Edgar\Data\raw\0000779544\000093041310000001\0000930413-10-000001.txt
2026-02-20 10:02:52 [INF] CIK 0000779544 | Cleaning + extracting sections
2026-02-20 10:02:52 [INF] CIK 0000779544 | Finding CCM match
2026-02-20 10:26:45 [INF] CIK 0000779544 | Finding CRSP trading days (permno=85586)
